2026-06-11 02:46:07 INFO  FindRefs.java> TARGET 01078218  
2026-06-11 02:52:31 INFO  FindRefs.java> TARGET 09163b98  
2026-06-11 02:52:31 INFO  FindRefs.java> REF 09078264 READ FUN_09078218 ldrh r2,[r3,#0x0]  
2026-06-11 02:52:31 INFO  FindRefs.java> REF 09078260 PARAM FUN_09078218 ldr r3,[0x090784a8]  
2026-06-11 02:52:45 INFO  FindRefs.java> TARGET 09165292  
2026-06-11 02:52:45 INFO  FindRefs.java> REF 09078326 READ FUN_09078218 ldrh r2,[r3,#0x0]  
2026-06-11 02:52:45 INFO  FindRefs.java> REF 09078322 PARAM FUN_09078218 ldr r3,[0x090784c8]  
2026-06-11 02:55:03 INFO  FindRefs.java> TARGET 09162ed7  
2026-06-11 02:55:03 INFO  FindRefs.java> REF 090781cc DATA FUN_09078148 ldrb r4,[r3,r4]  
2026-06-11 02:55:31 INFO  FindRefs.java> TARGET 09078148  
2026-06-11 02:55:31 INFO  FindRefs.java> REF 0907972c UNCONDITIONAL_CALL FUN_090796bc bl 0x09078148  
2026-06-11 02:55:31 INFO  FindRefs.java> REF 090797ca UNCONDITIONAL_CALL <no-func> bl 0x09078148  
2026-06-11 02:56:23 INFO  FindRefs.java> TARGET 090796bc  
2026-06-11 02:56:24 INFO  FindRefs.java> REF 0907983a UNCONDITIONAL_CALL FUN_09079808 bl 0x090796bc  
2026-06-11 02:57:27 INFO  FindRefs.java> TARGET 090780e4  
2026-06-11 02:57:27 INFO  FindRefs.java> REF 090782a6 UNCONDITIONAL_CALL FUN_09078218 bl 0x090780e4  
2026-06-11 02:57:27 INFO  FindRefs.java> TARGET 09078218  
2026-06-11 02:57:27 INFO  FindRefs.java> REF 0907850a UNCONDITIONAL_CALL FUN_09078500 bl 0x09078218  
2026-06-11 02:58:20 INFO  FindRefs.java> TARGET 09078500  
2026-06-11 02:58:20 INFO  FindRefs.java> REF 0904355e UNCONDITIONAL_CALL <no-func> bl 0x09078500  
2026-06-11 02:59:55 INFO  FindRefs.java> TARGET 0904355c  
2026-06-11 03:00:26 INFO  DumpWords.java> 09043568  0x809d305  
2026-06-11 03:00:26 INFO  DumpWords.java> 0904356c  0x99001c28  
2026-06-11 03:00:26 INFO  DumpWords.java> 09043570  0xfa62f06f  
2026-06-11 03:00:26 INFO  DumpWords.java> 09043574  0x47004800  
2026-06-11 03:00:26 INFO  DumpWords.java> 09043578  0x806c9bb  
2026-06-11 03:00:26 INFO  DumpWords.java> 0904357c  0xf06f1c28  
2026-06-11 03:00:26 INFO  DumpWords.java> 09043580  0x4901fbbd  
2026-06-11 03:00:26 INFO  DumpWords.java> 09043584  0x4708  
2026-06-11 03:01:24 INFO  DumpWords.java> 0809d300  0x9043555  
2026-06-11 03:01:24 INFO  DumpWords.java> 0809d304  0xf0744804  
2026-06-11 03:01:24 INFO  DumpWords.java> 0809d308  0x600fb65  
2026-06-11 03:01:24 INFO  DumpWords.java> 0809d30c  0x28010e00  
2026-06-11 03:01:24 INFO  DumpWords.java> 0809d310  0x2001d104  
2026-06-11 03:01:24 INFO  DumpWords.java> 0809d314  0xe055  
2026-06-11 03:01:24 INFO  DumpWords.java> 0809d318  0x809d6d5  
2026-06-11 03:01:24 INFO  DumpWords.java> 0809d31c  0x1c204c24  
2026-06-11 03:01:57 INFO  FindRefs.java> TARGET 090c1850  
2026-06-11 03:01:57 INFO  FindRefs.java> REF 09082062 UNCONDITIONAL_CALL FUN_09081e10 bl 0x090c1850  
2026-06-11 03:01:57 INFO  FindRefs.java> REF 09078172 UNCONDITIONAL_CALL FUN_09078148 bl 0x090c1850  
2026-06-11 03:01:57 INFO  FindRefs.java> REF 090780fa UNCONDITIONAL_CALL FUN_090780e4 bl 0x090c1850  
2026-06-11 03:01:57 INFO  FindRefs.java> REF 090c4964 UNCONDITIONAL_CALL <no-func> bl 0x090c1850  
2026-06-11 03:01:57 INFO  FindRefs.java> REF 090c49c8 UNCONDITIONAL_CALL <no-func> bl 0x090c1850  
2026-06-11 03:01:57 INFO  FindRefs.java> REF 090c49f6 UNCONDITIONAL_CALL <no-func> bl 0x090c1850  
2026-06-11 03:01:57 INFO  FindRefs.java> REF 090c4a68 UNCONDITIONAL_CALL <no-func> bl 0x090c1850  
2026-06-11 03:01:57 INFO  FindRefs.java> REF 090c4b66 UNCONDITIONAL_CALL <no-func> bl 0x090c1850  
2026-06-11 03:01:57 INFO  FindRefs.java> REF 090c4bc2 UNCONDITIONAL_CALL <no-func> bl 0x090c1850  
2026-06-11 03:01:57 INFO  FindRefs.java> REF 090c4a88 UNCONDITIONAL_CALL <no-func> bl 0x090c1850  
2026-06-11 03:01:57 INFO  FindRefs.java> REF 090c4aca UNCONDITIONAL_CALL <no-func> bl 0x090c1850  
2026-06-11 03:01:57 INFO  FindRefs.java> REF 090c4afc UNCONDITIONAL_CALL <no-func> bl 0x090c1850  
2026-06-11 03:01:57 INFO  FindRefs.java> REF 090c4b24 UNCONDITIONAL_CALL <no-func> bl 0x090c1850  
2026-06-11 03:01:57 INFO  FindRefs.java> REF 090c4b46 UNCONDITIONAL_CALL <no-func> bl 0x090c1850  
2026-06-11 03:01:57 INFO  FindRefs.java> REF 0906b432 UNCONDITIONAL_CALL <no-func> bl 0x090c1850  
2026-06-11 03:01:57 INFO  FindRefs.java> REF 090739e4 UNCONDITIONAL_CALL <no-func> bl 0x090c1850  
2026-06-11 03:01:57 INFO  FindRefs.java> REF 09073a28 UNCONDITIONAL_CALL <no-func> bl 0x090c1850  
2026-06-11 03:01:57 INFO  FindRefs.java> REF 09074424 UNCONDITIONAL_CALL <no-func> bl 0x090c1850  
2026-06-11 03:01:57 INFO  FindRefs.java> REF 09086ce8 UNCONDITIONAL_CALL <no-func> bl 0x090c1850  
2026-06-11 03:01:57 INFO  FindRefs.java> REF 09085ec4 UNCONDITIONAL_CALL <no-func> bl 0x090c1850  
2026-06-11 03:01:57 INFO  FindRefs.java> REF 0908642a UNCONDITIONAL_CALL <no-func> bl 0x090c1850  
2026-06-11 03:01:57 INFO  FindRefs.java> REF 090846c0 UNCONDITIONAL_CALL <no-func> bl 0x090c1850  
2026-06-11 03:01:57 INFO  FindRefs.java> REF 09084e3e UNCONDITIONAL_CALL <no-func> bl 0x090c1850  
2026-06-11 03:01:57 INFO  FindRefs.java> REF 090a1626 UNCONDITIONAL_CALL <no-func> bl 0x090c1850  
2026-06-11 03:01:57 INFO  FindRefs.java> REF 090bffca UNCONDITIONAL_CALL <no-func> bl 0x090c1850  
2026-06-11 03:01:57 INFO  FindRefs.java> REF 090c0084 UNCONDITIONAL_CALL <no-func> bl 0x090c1850  
2026-06-11 03:01:57 INFO  FindRefs.java> REF 090c0c62 UNCONDITIONAL_CALL <no-func> bl 0x090c1850  
2026-06-11 03:01:57 INFO  FindRefs.java> REF 090c00d8 UNCONDITIONAL_CALL <no-func> bl 0x090c1850  
2026-06-11 03:01:57 INFO  FindRefs.java> REF 09086f80 UNCONDITIONAL_CALL <no-func> bl 0x090c1850  
2026-06-11 03:01:57 INFO  FindRefs.java> REF 090dab7c UNCONDITIONAL_CALL <no-func> bl 0x090c1850  
2026-06-11 03:01:57 INFO  FindRefs.java> REF 090dabb2 UNCONDITIONAL_CALL <no-func> bl 0x090c1850  
2026-06-11 03:01:57 INFO  FindRefs.java> REF 090dabe2 UNCONDITIONAL_CALL <no-func> bl 0x090c1850  
2026-06-11 03:01:57 INFO  FindRefs.java> REF 090dac0e UNCONDITIONAL_CALL <no-func> bl 0x090c1850  
2026-06-11 03:01:57 INFO  FindRefs.java> REF 090dac4e UNCONDITIONAL_CALL <no-func> bl 0x090c1850  
2026-06-11 03:01:57 INFO  FindRefs.java> REF 090dac28 UNCONDITIONAL_CALL <no-func> bl 0x090c1850  
2026-06-11 03:01:57 INFO  FindRefs.java> REF 09090d28 UNCONDITIONAL_CALL <no-func> bl 0x090c1850  
2026-06-11 03:01:57 INFO  FindRefs.java> REF 09090d6c UNCONDITIONAL_CALL <no-func> bl 0x090c1850  
2026-06-11 03:01:57 INFO  FindRefs.java> REF 09090d8a UNCONDITIONAL_CALL <no-func> bl 0x090c1850  
2026-06-11 03:01:57 INFO  FindRefs.java> REF 09090de4 UNCONDITIONAL_CALL <no-func> bl 0x090c1850  
2026-06-11 03:01:57 INFO  FindRefs.java> REF 09090e2a UNCONDITIONAL_CALL <no-func> bl 0x090c1850  
2026-06-11 03:01:57 INFO  FindRefs.java> REF 09090e4a UNCONDITIONAL_CALL <no-func> bl 0x090c1850  
2026-06-11 03:01:57 INFO  FindRefs.java> REF 09090e9e UNCONDITIONAL_CALL <no-func> bl 0x090c1850  
2026-06-11 03:01:57 INFO  FindRefs.java> REF 09090ee4 UNCONDITIONAL_CALL <no-func> bl 0x090c1850  
2026-06-11 03:01:57 INFO  FindRefs.java> REF 09090f1e UNCONDITIONAL_CALL <no-func> bl 0x090c1850  
2026-06-11 03:01:57 INFO  FindRefs.java> REF 09090f72 UNCONDITIONAL_CALL <no-func> bl 0x090c1850  
2026-06-11 03:01:57 INFO  FindRefs.java> REF 09090cfa UNCONDITIONAL_CALL <no-func> bl 0x090c1850  
2026-06-11 03:01:57 INFO  FindRefs.java> REF 09090fb4 UNCONDITIONAL_CALL <no-func> bl 0x090c1850  
2026-06-11 03:01:57 INFO  FindRefs.java> REF 09090fea UNCONDITIONAL_CALL <no-func> bl 0x090c1850  
2026-06-11 03:01:57 INFO  FindRefs.java> REF 090a0fe6 UNCONDITIONAL_CALL <no-func> bl 0x090c1850  
2026-06-11 03:01:57 INFO  FindRefs.java> REF 090cb41e UNCONDITIONAL_CALL <no-func> bl 0x090c1850  
2026-06-11 03:02:28 INFO  FindRefs.java> TARGET 09081e10  
2026-06-11 03:02:28 INFO  FindRefs.java> REF 090820e0 UNCONDITIONAL_CALL <no-func> bl 0x09081e10  
2026-06-11 03:02:28 INFO  FindRefs.java> REF 09082104 UNCONDITIONAL_CALL <no-func> bl 0x09081e10  
2026-06-11 03:02:28 INFO  FindRefs.java> REF 0908212e UNCONDITIONAL_CALL <no-func> bl 0x09081e10  
2026-06-11 03:02:28 INFO  FindRefs.java> REF 09083012 UNCONDITIONAL_CALL <no-func> bl 0x09081e10  
2026-06-11 03:02:28 INFO  FindRefs.java> REF 09083036 UNCONDITIONAL_CALL <no-func> bl 0x09081e10  
2026-06-11 03:06:24 INFO  DumpWords.java> 09078498  0x104e  
2026-06-11 03:06:24 INFO  DumpWords.java> 0907849c  0x827  
2026-06-11 03:06:24 INFO  DumpWords.java> 090784a0  0x93a  
2026-06-11 03:06:24 INFO  DumpWords.java> 090784a4  0x55e  
2026-06-11 03:06:24 INFO  DumpWords.java> 090784a8  0x9163b98  
2026-06-11 03:06:24 INFO  DumpWords.java> 090784ac  0x9163b9a  
2026-06-11 03:06:24 INFO  DumpWords.java> 090784b0  0x825  
2026-06-11 03:06:24 INFO  DumpWords.java> 090784b4  0x91643aa  
2026-06-11 03:06:24 INFO  DumpWords.java> 090784b8  0x91643ac  
2026-06-11 03:06:24 INFO  DumpWords.java> 090784bc  0x9164b52  
2026-06-11 03:06:24 INFO  DumpWords.java> 090784c0  0x9164b54  
2026-06-11 03:06:24 INFO  DumpWords.java> 090784c4  0x823  
2026-06-11 03:06:24 INFO  DumpWords.java> 090784c8  0x9165292  
2026-06-11 03:06:24 INFO  DumpWords.java> 090784cc  0x9165294  
2026-06-11 03:06:24 INFO  DumpWords.java> 090784d0  0x821  
2026-06-11 03:06:24 INFO  DumpWords.java> 090784d4  0x91659a4  
2026-06-11 03:06:24 INFO  DumpWords.java> 090784d8  0x91659a6  
2026-06-11 03:06:24 INFO  DumpWords.java> 090784dc  0x9165e18  
2026-06-11 03:06:24 INFO  DumpWords.java> 090784e0  0x9165e1a  
2026-06-11 03:06:24 INFO  DumpWords.java> 090784e4  0x94f  
2026-06-11 03:06:24 INFO  DumpWords.java> 090784e8  0x8044ec9  
2026-06-11 03:06:24 INFO  DumpWords.java> 090784ec  0x91636ea  
2026-06-11 03:06:24 INFO  DumpWords.java> 090784f0  0x103e  
2026-06-11 03:06:24 INFO  DumpWords.java> 090784f4  0x9163994  
2026-06-11 03:06:24 INFO  DumpWords.java> 090784f8  0x104a  
2026-06-11 03:06:24 INFO  DumpWords.java> 090784fc  0x9163658  
2026-06-11 03:06:24 INFO  DumpWords.java> 09078500  0x466bb513  
2026-06-11 03:06:24 INFO  DumpWords.java> 09078504  0x80d81d9c  
2026-06-11 03:06:24 INFO  DumpWords.java> 09078508  0xf7ff0020  
2026-06-11 03:06:24 INFO  DumpWords.java> 0907850c  0x8820fe85  
2026-06-11 03:06:24 INFO  DumpWords.java> 09078510  0xb5f0bd16  
2026-06-11 03:06:24 INFO  DumpWords.java> 09078514  0xb08f0004  
2026-06-11 03:09:20 INFO  FindRefs.java> TARGET 0806e6d0  
2026-06-11 03:09:20 INFO  FindRefs.java> TARGET 0806e6d1  
2026-06-11 03:09:20 INFO  FindRefs.java> REF 0908e0a8 PARAM FUN_0908e0a8 ldr r3,[0x0908e0c8]  
2026-06-11 03:09:20 INFO  FindRefs.java> REF 090752ea PARAM FUN_090752e8 ldr r3,[0x09075310]  
2026-06-11 03:09:20 INFO  FindRefs.java> REF 0909ad5e PARAM FUN_0909ad58 ldr r3,[0x0909ad84]  
2026-06-11 03:09:20 INFO  FindRefs.java> REF 0909ade4 PARAM FUN_0909add4 ldr r3,[0x0909ae18]  
2026-06-11 03:09:20 INFO  FindRefs.java> REF 09096db4 PARAM FUN_09096db0 ldr r3,[0x09096dc0]  
2026-06-11 03:09:20 INFO  FindRefs.java> REF 09098df2 PARAM FUN_09098dc0 ldr r3,[0x090990e0]  
2026-06-11 03:09:20 INFO  FindRefs.java> REF 09098e68 PARAM FUN_09098dc0 ldr r3,[0x090990e0]  
2026-06-11 03:09:20 INFO  FindRefs.java> REF 0906a5d6 PARAM FUN_0906a5c0 ldr r3,[0x0906a5ec]  
2026-06-11 03:09:55 INFO  FindRefs.java> TARGET 0806e5c0  
2026-06-11 03:09:55 INFO  FindRefs.java> REF 0806e688 UNCONDITIONAL_CALL FUN_0806e680 bl 0x0806e5c0  
2026-06-11 03:09:55 INFO  FindRefs.java> REF 0806e6d8 UNCONDITIONAL_CALL FUN_0806e6d0 bl 0x0806e5c0  
2026-06-11 03:11:05 INFO  FindRefs.java> TARGET 09042dec  
2026-06-11 03:11:05 INFO  FindRefs.java> REF 0806e5c2 COMPUTED_JUMP FUN_0806e5c0 bx r1  
2026-06-11 03:13:01 INFO  FindRefs.java> TARGET 0900043c  
2026-06-11 03:13:01 INFO  FindRefs.java> REF 0907818c UNCONDITIONAL_CALL FUN_09078148 bl 0x0900043c  
2026-06-11 03:13:01 INFO  FindRefs.java> REF 0907819a UNCONDITIONAL_CALL FUN_09078148 bl 0x0900043c  
2026-06-11 03:13:01 INFO  FindRefs.java> REF 090781ba UNCONDITIONAL_CALL FUN_09078148 bl 0x0900043c  
2026-06-11 03:13:01 INFO  FindRefs.java> REF 0907811c UNCONDITIONAL_CALL FUN_090780e4 bl 0x0900043c  
2026-06-11 03:13:01 INFO  FindRefs.java> REF 090d7bb4 UNCONDITIONAL_CALL <no-func> bl 0x0900043c  
2026-06-11 03:13:01 INFO  FindRefs.java> REF 090d7c06 UNCONDITIONAL_CALL <no-func> bl 0x0900043c  
2026-06-11 03:13:01 INFO  FindRefs.java> REF 0906f1b2 UNCONDITIONAL_CALL <no-func> bl 0x0900043c  
2026-06-11 03:13:01 INFO  FindRefs.java> REF 0906f1de UNCONDITIONAL_CALL <no-func> bl 0x0900043c  
2026-06-11 03:13:01 INFO  FindRefs.java> REF 0908f1e2 UNCONDITIONAL_CALL <no-func> bl 0x0900043c  
2026-06-11 03:13:01 INFO  FindRefs.java> REF 090c9140 UNCONDITIONAL_CALL <no-func> bl 0x0900043c  
2026-06-11 03:13:01 INFO  FindRefs.java> REF 090e0460 UNCONDITIONAL_CALL <no-func> bl 0x0900043c  
