2026-06-11 10:28:01 INFO  (LoggingInitialization) Using log config file: jar:file:/opt/homebrew/Cellar/ghidra/12.1.2/libexec/Ghidra/Framework/Generic/lib/Generic.jar!/generic.log4j.xml  
2026-06-11 10:28:01 INFO  (LoggingInitialization) Using log file: /Users/lw13688/Project/test/rr-dex/.ghidra-settings/ghidra/ghidra_12.1.2_PUBLIC/application.log  
2026-06-11 10:28:01 DEBUG (GhidraObjectInputFilter) Including serial input filter: FileSystem/data/client.rmi.serial.filter  
2026-06-11 10:28:01 INFO  (Preferences) Loading user preferences: /Users/lw13688/Project/test/rr-dex/.ghidra-settings/ghidra/ghidra_12.1.2_PUBLIC/preferences  
2026-06-11 10:28:01 INFO  (ClassSearcher) Searching for classes...  
2026-06-11 10:28:01 INFO  (ClassSearcher) Class search complete (527 ms)  
2026-06-11 10:28:01 INFO  (DefaultSSLContextInitializer) Initializing SSL Context  
2026-06-11 10:28:01 INFO  (SecureRandomFactory) Initializing Random Number Generator...  
2026-06-11 10:28:01 INFO  (SecureRandomFactory) Random Number Generator initialization complete: NativePRNGNonBlocking  
2026-06-11 10:28:01 INFO  (DefaultTrustManagerFactory) Trust manager disabled, cacerts have not been set  
2026-06-11 10:28:01 INFO  (FileCacheMaintenanceDaemon) Starting cache cleanup: /Users/lw13688/Project/test/rr-dex/.ghidra-cache/ghidra/fscache2  
2026-06-11 10:28:01 INFO  (FileCacheMaintenanceDaemon) Finished cache cleanup, estimated storage used: 0  
2026-06-11 10:28:01 INFO  (AnalyzeHeadless) Headless startup complete (1379 ms)  
2026-06-11 10:28:01 INFO  (ClassSearcher) Class searcher loaded 59 extension points (20 false positives)  
2026-06-11 10:28:02 INFO  (HeadlessAnalyzer) HEADLESS Script Paths:
    /opt/homebrew/Cellar/ghidra/12.1.2/libexec/Ghidra/Features/SystemEmulation/ghidra_scripts
    /opt/homebrew/Cellar/ghidra/12.1.2/libexec/Ghidra/Features/Base/ghidra_scripts
    /opt/homebrew/Cellar/ghidra/12.1.2/libexec/Ghidra/Features/FunctionID/ghidra_scripts
    /opt/homebrew/Cellar/ghidra/12.1.2/libexec/Ghidra/Features/WildcardAssembler/ghidra_scripts
    /opt/homebrew/Cellar/ghidra/12.1.2/libexec/Ghidra/Features/MicrosoftCodeAnalyzer/ghidra_scripts
    /opt/homebrew/Cellar/ghidra/12.1.2/libexec/Ghidra/Features/FileFormats/ghidra_scripts
    /opt/homebrew/Cellar/ghidra/12.1.2/libexec/Ghidra/Processors/Atmel/ghidra_scripts
    /opt/homebrew/Cellar/ghidra/12.1.2/libexec/Ghidra/Features/DecompilerDependent/ghidra_scripts
    /opt/homebrew/Cellar/ghidra/12.1.2/libexec/Ghidra/Processors/8051/ghidra_scripts
    /opt/homebrew/Cellar/ghidra/12.1.2/libexec/Ghidra/Processors/DATA/ghidra_scripts
    /opt/homebrew/Cellar/ghidra/12.1.2/libexec/Ghidra/Processors/JVM/ghidra_scripts
    /opt/homebrew/Cellar/ghidra/12.1.2/libexec/Ghidra/Features/GnuDemangler/ghidra_scripts
    /opt/homebrew/Cellar/ghidra/12.1.2/libexec/Ghidra/Debug/Debugger/ghidra_scripts
    /opt/homebrew/Cellar/ghidra/12.1.2/libexec/Ghidra/Features/BSim/ghidra_scripts
    /opt/homebrew/Cellar/ghidra/12.1.2/libexec/Ghidra/Features/BytePatterns/ghidra_scripts
    /opt/homebrew/Cellar/ghidra/12.1.2/libexec/Ghidra/Features/PyGhidra/ghidra_scripts
    /Users/lw13688/Project/test/rr-dex/TMP/reverse-engineering/scripts
    /opt/homebrew/Cellar/ghidra/12.1.2/libexec/Ghidra/Debug/Debugger-rmi-trace/ghidra_scripts
    /opt/homebrew/Cellar/ghidra/12.1.2/libexec/Ghidra/Features/Decompiler/ghidra_scripts
    /opt/homebrew/Cellar/ghidra/12.1.2/libexec/Ghidra/Features/SwiftDemangler/ghidra_scripts
    /opt/homebrew/Cellar/ghidra/12.1.2/libexec/Ghidra/Features/VersionTracking/ghidra_scripts
    /opt/homebrew/Cellar/ghidra/12.1.2/libexec/Ghidra/Features/PDB/ghidra_scripts
    /opt/homebrew/Cellar/ghidra/12.1.2/libexec/Ghidra/Processors/PIC/ghidra_scripts  
2026-06-11 10:28:02 INFO  (HeadlessAnalyzer) HEADLESS: execution starts  
2026-06-11 10:28:02 INFO  (HeadlessAnalyzer) Opening existing project: /Users/lw13688/Project/test/rr-dex/TMP/reverse-engineering/ghidra_project/rr41_test  
2026-06-11 10:28:02 DEBUG (DefaultProjectManager) No tools found; Installing default tools  
2026-06-11 10:28:02 DEBUG (DefaultProjectManager) 	no recent project directories found  
2026-06-11 10:28:02 INFO  (HeadlessProject) Opening project: /Users/lw13688/Project/test/rr-dex/TMP/reverse-engineering/ghidra_project/rr41_test  
2026-06-11 10:28:03 INFO  (HeadlessAnalyzer) REPORT: Processing project file: /Radical Red 4.1.gba  
2026-06-11 10:28:03 INFO  (HeadlessAnalyzer) REPORT: Execute script: DecompileFunction.java '0x0908CC46' '/private/tmp/decomp_0908cc46.txt'   
2026-06-11 10:28:03 INFO  (HeadlessAnalyzer) SCRIPT: /Users/lw13688/Project/test/rr-dex/TMP/reverse-engineering/scripts/DecompileFunction.java  
2026-06-11 10:28:04 INFO  (HeadlessAnalyzer) REPORT: Save succeeded for processed file: /Radical Red 4.1.gba  
2026-06-11 10:28:19 INFO  (LoggingInitialization) Using log config file: jar:file:/opt/homebrew/Cellar/ghidra/12.1.2/libexec/Ghidra/Framework/Generic/lib/Generic.jar!/generic.log4j.xml  
2026-06-11 10:28:19 INFO  (LoggingInitialization) Using log file: /Users/lw13688/Project/test/rr-dex/.ghidra-settings/ghidra/ghidra_12.1.2_PUBLIC/application.log  
2026-06-11 10:28:19 DEBUG (GhidraObjectInputFilter) Including serial input filter: FileSystem/data/client.rmi.serial.filter  
2026-06-11 10:28:19 INFO  (Preferences) Loading user preferences: /Users/lw13688/Project/test/rr-dex/.ghidra-settings/ghidra/ghidra_12.1.2_PUBLIC/preferences  
2026-06-11 10:28:19 INFO  (ClassSearcher) Searching for classes...  
2026-06-11 10:28:20 INFO  (ClassSearcher) Class search complete (555 ms)  
2026-06-11 10:28:20 INFO  (DefaultSSLContextInitializer) Initializing SSL Context  
2026-06-11 10:28:20 INFO  (SecureRandomFactory) Initializing Random Number Generator...  
2026-06-11 10:28:20 INFO  (SecureRandomFactory) Random Number Generator initialization complete: NativePRNGNonBlocking  
2026-06-11 10:28:20 INFO  (DefaultTrustManagerFactory) Trust manager disabled, cacerts have not been set  
2026-06-11 10:28:20 INFO  (AnalyzeHeadless) Headless startup complete (1192 ms)  
2026-06-11 10:28:20 INFO  (ClassSearcher) Class searcher loaded 59 extension points (20 false positives)  
2026-06-11 10:28:20 INFO  (HeadlessAnalyzer) HEADLESS Script Paths:
    /opt/homebrew/Cellar/ghidra/12.1.2/libexec/Ghidra/Features/SystemEmulation/ghidra_scripts
    /opt/homebrew/Cellar/ghidra/12.1.2/libexec/Ghidra/Features/Base/ghidra_scripts
    /opt/homebrew/Cellar/ghidra/12.1.2/libexec/Ghidra/Features/FunctionID/ghidra_scripts
    /opt/homebrew/Cellar/ghidra/12.1.2/libexec/Ghidra/Features/WildcardAssembler/ghidra_scripts
    /opt/homebrew/Cellar/ghidra/12.1.2/libexec/Ghidra/Features/MicrosoftCodeAnalyzer/ghidra_scripts
    /opt/homebrew/Cellar/ghidra/12.1.2/libexec/Ghidra/Features/FileFormats/ghidra_scripts
    /opt/homebrew/Cellar/ghidra/12.1.2/libexec/Ghidra/Processors/Atmel/ghidra_scripts
    /opt/homebrew/Cellar/ghidra/12.1.2/libexec/Ghidra/Features/DecompilerDependent/ghidra_scripts
    /opt/homebrew/Cellar/ghidra/12.1.2/libexec/Ghidra/Processors/8051/ghidra_scripts
    /opt/homebrew/Cellar/ghidra/12.1.2/libexec/Ghidra/Processors/DATA/ghidra_scripts
    /opt/homebrew/Cellar/ghidra/12.1.2/libexec/Ghidra/Processors/JVM/ghidra_scripts
    /opt/homebrew/Cellar/ghidra/12.1.2/libexec/Ghidra/Features/GnuDemangler/ghidra_scripts
    /opt/homebrew/Cellar/ghidra/12.1.2/libexec/Ghidra/Debug/Debugger/ghidra_scripts
    /opt/homebrew/Cellar/ghidra/12.1.2/libexec/Ghidra/Features/BSim/ghidra_scripts
    /opt/homebrew/Cellar/ghidra/12.1.2/libexec/Ghidra/Features/BytePatterns/ghidra_scripts
    /opt/homebrew/Cellar/ghidra/12.1.2/libexec/Ghidra/Features/PyGhidra/ghidra_scripts
    /Users/lw13688/Project/test/rr-dex/TMP/reverse-engineering/scripts
    /opt/homebrew/Cellar/ghidra/12.1.2/libexec/Ghidra/Debug/Debugger-rmi-trace/ghidra_scripts
    /opt/homebrew/Cellar/ghidra/12.1.2/libexec/Ghidra/Features/Decompiler/ghidra_scripts
    /opt/homebrew/Cellar/ghidra/12.1.2/libexec/Ghidra/Features/SwiftDemangler/ghidra_scripts
    /opt/homebrew/Cellar/ghidra/12.1.2/libexec/Ghidra/Features/VersionTracking/ghidra_scripts
    /opt/homebrew/Cellar/ghidra/12.1.2/libexec/Ghidra/Features/PDB/ghidra_scripts
    /opt/homebrew/Cellar/ghidra/12.1.2/libexec/Ghidra/Processors/PIC/ghidra_scripts  
2026-06-11 10:28:20 INFO  (HeadlessAnalyzer) HEADLESS: execution starts  
2026-06-11 10:28:20 INFO  (HeadlessAnalyzer) Opening existing project: /Users/lw13688/Project/test/rr-dex/TMP/reverse-engineering/ghidra_project/rr41_test  
2026-06-11 10:28:20 INFO  (HeadlessProject) Opening project: /Users/lw13688/Project/test/rr-dex/TMP/reverse-engineering/ghidra_project/rr41_test  
2026-06-11 10:28:21 INFO  (HeadlessAnalyzer) REPORT: Processing project file: /Radical Red 4.1.gba  
2026-06-11 10:28:22 INFO  (HeadlessAnalyzer) REPORT: Execute script: DumpThumbRange.java '0x0908cc20' '0x0908cce0' '/private/tmp/dump_0908cc20_0908cce0.txt'   
2026-06-11 10:28:22 INFO  (HeadlessAnalyzer) SCRIPT: /Users/lw13688/Project/test/rr-dex/TMP/reverse-engineering/scripts/DumpThumbRange.java  
2026-06-11 10:28:22 DEBUG (InstructionError) Instruction conflict details at 0908cc46
  New Instruction: andls r9,r10,sp, lsl #0x8
     LRset(01,01)        == 0x0
     TMode(00,00)        == 0x0
  Existing Instruction: str r4,[sp,#0x34]
     LRset(01,01)        == 0x0
     TMode(00,00)        == 0x1  
2026-06-11 10:28:22 INFO  (HeadlessAnalyzer) REPORT: Save succeeded for processed file: /Radical Red 4.1.gba  
2026-06-11 10:29:04 INFO  (LoggingInitialization) Using log config file: jar:file:/opt/homebrew/Cellar/ghidra/12.1.2/libexec/Ghidra/Framework/Generic/lib/Generic.jar!/generic.log4j.xml  
2026-06-11 10:29:04 INFO  (LoggingInitialization) Using log file: /Users/lw13688/Project/test/rr-dex/.ghidra-settings/ghidra/ghidra_12.1.2_PUBLIC/application.log  
2026-06-11 10:29:04 DEBUG (GhidraObjectInputFilter) Including serial input filter: FileSystem/data/client.rmi.serial.filter  
2026-06-11 10:29:04 INFO  (Preferences) Loading user preferences: /Users/lw13688/Project/test/rr-dex/.ghidra-settings/ghidra/ghidra_12.1.2_PUBLIC/preferences  
2026-06-11 10:29:04 INFO  (ClassSearcher) Searching for classes...  
2026-06-11 10:29:04 INFO  (ClassSearcher) Class search complete (544 ms)  
2026-06-11 10:29:04 INFO  (DefaultSSLContextInitializer) Initializing SSL Context  
2026-06-11 10:29:04 INFO  (SecureRandomFactory) Initializing Random Number Generator...  
2026-06-11 10:29:04 INFO  (SecureRandomFactory) Random Number Generator initialization complete: NativePRNGNonBlocking  
2026-06-11 10:29:04 INFO  (DefaultTrustManagerFactory) Trust manager disabled, cacerts have not been set  
2026-06-11 10:29:04 INFO  (AnalyzeHeadless) Headless startup complete (1180 ms)  
2026-06-11 10:29:04 INFO  (ClassSearcher) Class searcher loaded 59 extension points (20 false positives)  
2026-06-11 10:29:05 INFO  (HeadlessAnalyzer) HEADLESS Script Paths:
    /opt/homebrew/Cellar/ghidra/12.1.2/libexec/Ghidra/Features/SystemEmulation/ghidra_scripts
    /opt/homebrew/Cellar/ghidra/12.1.2/libexec/Ghidra/Features/Base/ghidra_scripts
    /opt/homebrew/Cellar/ghidra/12.1.2/libexec/Ghidra/Features/FunctionID/ghidra_scripts
    /opt/homebrew/Cellar/ghidra/12.1.2/libexec/Ghidra/Features/WildcardAssembler/ghidra_scripts
    /opt/homebrew/Cellar/ghidra/12.1.2/libexec/Ghidra/Features/MicrosoftCodeAnalyzer/ghidra_scripts
    /opt/homebrew/Cellar/ghidra/12.1.2/libexec/Ghidra/Features/FileFormats/ghidra_scripts
    /opt/homebrew/Cellar/ghidra/12.1.2/libexec/Ghidra/Processors/Atmel/ghidra_scripts
    /opt/homebrew/Cellar/ghidra/12.1.2/libexec/Ghidra/Features/DecompilerDependent/ghidra_scripts
    /opt/homebrew/Cellar/ghidra/12.1.2/libexec/Ghidra/Processors/8051/ghidra_scripts
    /opt/homebrew/Cellar/ghidra/12.1.2/libexec/Ghidra/Processors/DATA/ghidra_scripts
    /opt/homebrew/Cellar/ghidra/12.1.2/libexec/Ghidra/Processors/JVM/ghidra_scripts
    /opt/homebrew/Cellar/ghidra/12.1.2/libexec/Ghidra/Features/GnuDemangler/ghidra_scripts
    /opt/homebrew/Cellar/ghidra/12.1.2/libexec/Ghidra/Debug/Debugger/ghidra_scripts
    /opt/homebrew/Cellar/ghidra/12.1.2/libexec/Ghidra/Features/BSim/ghidra_scripts
    /opt/homebrew/Cellar/ghidra/12.1.2/libexec/Ghidra/Features/BytePatterns/ghidra_scripts
    /opt/homebrew/Cellar/ghidra/12.1.2/libexec/Ghidra/Features/PyGhidra/ghidra_scripts
    /Users/lw13688/Project/test/rr-dex/TMP/reverse-engineering/scripts
    /opt/homebrew/Cellar/ghidra/12.1.2/libexec/Ghidra/Debug/Debugger-rmi-trace/ghidra_scripts
    /opt/homebrew/Cellar/ghidra/12.1.2/libexec/Ghidra/Features/Decompiler/ghidra_scripts
    /opt/homebrew/Cellar/ghidra/12.1.2/libexec/Ghidra/Features/SwiftDemangler/ghidra_scripts
    /opt/homebrew/Cellar/ghidra/12.1.2/libexec/Ghidra/Features/VersionTracking/ghidra_scripts
    /opt/homebrew/Cellar/ghidra/12.1.2/libexec/Ghidra/Features/PDB/ghidra_scripts
    /opt/homebrew/Cellar/ghidra/12.1.2/libexec/Ghidra/Processors/PIC/ghidra_scripts  
2026-06-11 10:29:05 INFO  (HeadlessAnalyzer) HEADLESS: execution starts  
2026-06-11 10:29:05 INFO  (HeadlessAnalyzer) Opening existing project: /Users/lw13688/Project/test/rr-dex/TMP/reverse-engineering/ghidra_project/rr41_test  
2026-06-11 10:29:05 INFO  (HeadlessProject) Opening project: /Users/lw13688/Project/test/rr-dex/TMP/reverse-engineering/ghidra_project/rr41_test  
2026-06-11 10:29:05 INFO  (HeadlessAnalyzer) REPORT: Processing project file: /Radical Red 4.1.gba  
2026-06-11 10:29:06 INFO  (HeadlessAnalyzer) REPORT: Execute script: DecompileFunction.java '0x081E4630' '/private/tmp/decomp_081e4630.txt'   
2026-06-11 10:29:06 INFO  (HeadlessAnalyzer) SCRIPT: /Users/lw13688/Project/test/rr-dex/TMP/reverse-engineering/scripts/DecompileFunction.java  
2026-06-11 10:29:06 INFO  (HeadlessAnalyzer) REPORT: Save succeeded for processed file: /Radical Red 4.1.gba  
2026-06-11 10:29:06 INFO  (LoggingInitialization) Using log config file: jar:file:/opt/homebrew/Cellar/ghidra/12.1.2/libexec/Ghidra/Framework/Generic/lib/Generic.jar!/generic.log4j.xml  
2026-06-11 10:29:06 INFO  (LoggingInitialization) Using log file: /Users/lw13688/Project/test/rr-dex/.ghidra-settings/ghidra/ghidra_12.1.2_PUBLIC/application.log  
2026-06-11 10:29:06 DEBUG (GhidraObjectInputFilter) Including serial input filter: FileSystem/data/client.rmi.serial.filter  
2026-06-11 10:29:06 INFO  (Preferences) Loading user preferences: /Users/lw13688/Project/test/rr-dex/.ghidra-settings/ghidra/ghidra_12.1.2_PUBLIC/preferences  
2026-06-11 10:29:06 INFO  (ClassSearcher) Searching for classes...  
2026-06-11 10:29:07 INFO  (ClassSearcher) Class search complete (547 ms)  
2026-06-11 10:29:07 INFO  (DefaultSSLContextInitializer) Initializing SSL Context  
2026-06-11 10:29:07 INFO  (SecureRandomFactory) Initializing Random Number Generator...  
2026-06-11 10:29:07 INFO  (SecureRandomFactory) Random Number Generator initialization complete: NativePRNGNonBlocking  
2026-06-11 10:29:07 INFO  (DefaultTrustManagerFactory) Trust manager disabled, cacerts have not been set  
2026-06-11 10:29:07 INFO  (AnalyzeHeadless) Headless startup complete (1189 ms)  
2026-06-11 10:29:07 INFO  (ClassSearcher) Class searcher loaded 59 extension points (20 false positives)  
2026-06-11 10:29:07 INFO  (HeadlessAnalyzer) HEADLESS Script Paths:
    /opt/homebrew/Cellar/ghidra/12.1.2/libexec/Ghidra/Features/SystemEmulation/ghidra_scripts
    /opt/homebrew/Cellar/ghidra/12.1.2/libexec/Ghidra/Features/Base/ghidra_scripts
    /opt/homebrew/Cellar/ghidra/12.1.2/libexec/Ghidra/Features/FunctionID/ghidra_scripts
    /opt/homebrew/Cellar/ghidra/12.1.2/libexec/Ghidra/Features/WildcardAssembler/ghidra_scripts
    /opt/homebrew/Cellar/ghidra/12.1.2/libexec/Ghidra/Features/MicrosoftCodeAnalyzer/ghidra_scripts
    /opt/homebrew/Cellar/ghidra/12.1.2/libexec/Ghidra/Features/FileFormats/ghidra_scripts
    /opt/homebrew/Cellar/ghidra/12.1.2/libexec/Ghidra/Processors/Atmel/ghidra_scripts
    /opt/homebrew/Cellar/ghidra/12.1.2/libexec/Ghidra/Features/DecompilerDependent/ghidra_scripts
    /opt/homebrew/Cellar/ghidra/12.1.2/libexec/Ghidra/Processors/8051/ghidra_scripts
    /opt/homebrew/Cellar/ghidra/12.1.2/libexec/Ghidra/Processors/DATA/ghidra_scripts
    /opt/homebrew/Cellar/ghidra/12.1.2/libexec/Ghidra/Processors/JVM/ghidra_scripts
    /opt/homebrew/Cellar/ghidra/12.1.2/libexec/Ghidra/Features/GnuDemangler/ghidra_scripts
    /opt/homebrew/Cellar/ghidra/12.1.2/libexec/Ghidra/Debug/Debugger/ghidra_scripts
    /opt/homebrew/Cellar/ghidra/12.1.2/libexec/Ghidra/Features/BSim/ghidra_scripts
    /opt/homebrew/Cellar/ghidra/12.1.2/libexec/Ghidra/Features/BytePatterns/ghidra_scripts
    /opt/homebrew/Cellar/ghidra/12.1.2/libexec/Ghidra/Features/PyGhidra/ghidra_scripts
    /Users/lw13688/Project/test/rr-dex/TMP/reverse-engineering/scripts
    /opt/homebrew/Cellar/ghidra/12.1.2/libexec/Ghidra/Debug/Debugger-rmi-trace/ghidra_scripts
    /opt/homebrew/Cellar/ghidra/12.1.2/libexec/Ghidra/Features/Decompiler/ghidra_scripts
    /opt/homebrew/Cellar/ghidra/12.1.2/libexec/Ghidra/Features/SwiftDemangler/ghidra_scripts
    /opt/homebrew/Cellar/ghidra/12.1.2/libexec/Ghidra/Features/VersionTracking/ghidra_scripts
    /opt/homebrew/Cellar/ghidra/12.1.2/libexec/Ghidra/Features/PDB/ghidra_scripts
    /opt/homebrew/Cellar/ghidra/12.1.2/libexec/Ghidra/Processors/PIC/ghidra_scripts  
2026-06-11 10:29:07 INFO  (HeadlessAnalyzer) HEADLESS: execution starts  
2026-06-11 10:29:07 INFO  (HeadlessAnalyzer) Opening existing project: /Users/lw13688/Project/test/rr-dex/TMP/reverse-engineering/ghidra_project/rr41_test  
2026-06-11 10:29:07 INFO  (HeadlessProject) Opening project: /Users/lw13688/Project/test/rr-dex/TMP/reverse-engineering/ghidra_project/rr41_test  
2026-06-11 10:29:08 INFO  (HeadlessAnalyzer) REPORT: Processing project file: /Radical Red 4.1.gba  
2026-06-11 10:29:08 INFO  (HeadlessAnalyzer) REPORT: Execute script: DecompileFunction.java '0x08056A2A' '/private/tmp/decomp_08056a2a.txt'   
2026-06-11 10:29:08 INFO  (HeadlessAnalyzer) SCRIPT: /Users/lw13688/Project/test/rr-dex/TMP/reverse-engineering/scripts/DecompileFunction.java  
2026-06-11 10:29:08 INFO  (HeadlessAnalyzer) REPORT: Save succeeded for processed file: /Radical Red 4.1.gba  
